// Jest Snapshot v1, https://goo.gl/fbAQLP

exports[`Authentication.js tests renders as expected prior to navigating 1`] = `
<span
  data-test-id="authentication-page"
  style={
    Object {
      "alignItems": "center",
      "backgroundColor": "#9d4ba3",
      "display": "flex",
      "flexDirection": "column",
      "height": "100%",
      "width": "100%",
    }
  }
>
  <AppBarWithLogo />
  <span
    style={
      Object {
        "alignItems": "center",
        "alignSelf": "stretch",
        "display": "flex",
        "flex": 1,
        "justifyContent": "center",
      }
    }
  >
    <span
      style={
        Object {
          "marginBottom": 20,
          "padding": 20,
        }
      }
    />
  </span>
  <Paper
    circle={false}
    rounded={true}
    style={
      Object {
        "backgroundColor": "#f2f2f2",
        "color": "#212121",
        "margin": 20,
        "padding": 10,
        "textAlign": "center",
      }
    }
    transitionEnabled={true}
    zDepth={1}
  >
    Trouble signing in? Try 
    <a
      href="https://gladly.zendesk.com/hc/en-us/articles/360002317231-How-do-I-clear-my-cookies-and-site-data-for-Tab-for-a-Cause-"
      style={
        Object {
          "color": "#4a90e2",
        }
      }
      target="_top"
    >
      clearing your cookies
    </a>
     or 
    <a
      href="https://gladly.zendesk.com/hc/en-us/requests/new"
      style={
        Object {
          "color": "#4a90e2",
        }
      }
      target="_top"
    >
      send us a message
    </a>
     and we'll try to help.
  </Paper>
</span>
`;
