// Jest Snapshot v1, https://goo.gl/fbAQLP

exports[`Authentication.js tests renders as expected prior to navigating 1`] = `
<span
  data-test-id="authentication-page"
  style={
    Object {
      "alignItems": "center",
      "backgroundColor": "#FAFAFA",
      "display": "flex",
      "flexDirection": "column",
      "height": "100%",
      "width": "100%",
    }
  }
>
  <div
    style={
      Object {
        "left": 0,
        "padding": "20px 40px",
        "position": "absolute",
        "top": 0,
      }
    }
  >
    <LogoWithText
      style={
        Object {
          "height": 40,
        }
      }
    />
  </div>
  <span
    style={
      Object {
        "alignItems": "center",
        "alignSelf": "stretch",
        "display": "flex",
        "flex": 1,
        "flexDirection": "column",
        "justifyContent": "center",
      }
    }
  >
    <span
      style={
        Object {
          "alignItems": "center",
          "display": "flex",
          "flex": 1,
          "padding": 20,
        }
      }
    />
    <span
      data-test-id="endorsement-quote"
      style={
        Object {
          "color": "rgba(33, 33, 33, 0.82)",
          "fontFamily": "'Helvetica Neue','Helvetica','Arial',sans-serif",
          "fontWeight": "500",
          "lineHeight": "1.1",
          "padding": 10,
          "textAlign": "center",
        }
      }
    >
      <h1>
        "One of the simplest ways to raise money"
      </h1>
      <p
        style={
          Object {
            "color": "#838383",
            "fontWeight": "400",
          }
        }
      >
        - USA Today
      </p>
    </span>
  </span>
</span>
`;
