// Jest Snapshot v1, https://goo.gl/fbAQLP

exports[`MissingEmailMessage tests matches expected snapshot 1`] = `
<WithStyles(Paper)
  elevation={1}
  style={
    Object {
      "backgroundColor": "#FFF",
      "maxWidth": 400,
      "padding": 24,
    }
  }
>
  <WithStyles(Typography)
    gutterBottom={true}
    variant="h6"
  >
    We couldn't sign you in
  </WithStyles(Typography)>
  <WithStyles(Typography)
    variant="body2"
  >
    This can happen when Facebook or Google doesn't have your email address on file, which we use to create your account. Please try signing in with another method, such as an email and password.
  </WithStyles(Typography)>
  <span
    style={
      Object {
        "display": "flex",
        "justifyContent": "flex-end",
        "marginTop": 24,
      }
    }
  >
    <WithStyles(Button)
      color="primary"
      data-test-id="missing-email-message-button"
      onClick={[Function]}
      variant="contained"
    >
      Sign in using another method
    </WithStyles(Button)>
  </span>
</WithStyles(Paper)>
`;
