// Jest Snapshot v1, https://goo.gl/fbAQLP

exports[`SignInIframeMessage tests matches expected snapshot 1`] = `
<Paper
  circle={false}
  rounded={true}
  style={
    Object {
      "backgroundColor": "#FFF",
      "marginBottom": 60,
      "maxWidth": 400,
      "padding": 24,
    }
  }
  transitionEnabled={true}
  zDepth={1}
>
  <WithStyles(Typography)
    variant="title"
  >
    Let's get started!
  </WithStyles(Typography)>
  <WithStyles(Typography)
    variant="body1"
  >
    Sign in to customize your new tab page and raise money for your favorite causes.
  </WithStyles(Typography)>
  <span
    style={
      Object {
        "display": "flex",
        "justifyContent": "flex-end",
        "marginTop": 24,
      }
    }
  >
    <RaisedButton
      data-test-id="sign-in-iframe-message-button"
      disabled={false}
      fullWidth={false}
      label="SIGN IN"
      labelPosition="after"
      onClick={[Function]}
      primary={true}
      secondary={false}
    />
  </span>
</Paper>
`;
