// Jest Snapshot v1, https://goo.gl/fbAQLP

exports[`VerifyEmailMessage tests matches expected snapshot 1`] = `
<WithStyles(Paper)
  elevation={1}
  style={
    Object {
      "backgroundColor": "#FFF",
      "maxWidth": 400,
      "padding": 24,
    }
  }
>
  <WithStyles(Typography)
    gutterBottom={true}
    variant="body2"
  >
    Please check your email to verify your account.
  </WithStyles(Typography)>
  <span
    style={
      Object {
        "display": "flex",
        "justifyContent": "flex-end",
        "marginTop": 24,
      }
    }
  >
    <WithStyles(Button)
      color="default"
      data-test-id="verify-email-message-cancel-button"
      onClick={[Function]}
      style={
        Object {
          "marginRight": 8,
        }
      }
      variant="contained"
    >
      Cancel
    </WithStyles(Button)>
    <WithStyles(Button)
      color="default"
      data-test-id="verify-email-message-resend-button"
      disabled={false}
      onClick={[Function]}
      variant="contained"
    >
      Resend email
    </WithStyles(Button)>
  </span>
</WithStyles(Paper)>
`;
